ARM Linker, 5.03 [Build 76] [MDK-ARM Standard]

==============================================================================

Section Cross References

    main.o(.text) refers to idiv.o(.text) for __aeabi_idivmod
    main.o(.text) refers to memseta.o(.text) for __aeabi_memclr
    main.o(.text) refers to printfa.o(i.__0vsnprintf) for __c89vsnprintf
    main.o(.text) refers to uart.o(.text) for uart_write_buf
    main.o(.text) refers to main.o(.data) for timeout_RTC1
    main.o(.text) refers to main.o(.bss) for gs_peripheral
    main.o(.text) refers to main.o(.constdata) for .constdata
    main.o(.text) refers to memcpya.o(.text) for __aeabi_memcpy4
    main.o(.text) refers to rtc1.o(.text) for rtc1_timeout_set_ms
    main.o(.text) refers to strncpy.o(.text) for strncpy
    main.o(.data) refers to main.o(.bss) for gs_evt_buf
    uart.o(.text) refers to uart.o(.constdata) for m_baudrates
    rtc1.o(.text) refers to uidiv.o(.text) for __aeabi_uidivmod
    rtc1.o(.text) refers to rtc1.o(.data) for timeout_RTC1
    system_nrf51.o(.text) refers to system_nrf51.o(.data) for SystemCoreClock
    startup_nrf51.o(RESET) refers to startup_nrf51.o(STACK) for __initial_sp
    startup_nrf51.o(RESET) refers to startup_nrf51.o(.text) for Reset_Handler
    startup_nrf51.o(RESET) refers to rtc1.o(.text) for RTC1_IRQHandler
    startup_nrf51.o(RESET) refers to main.o(.text) for SWI2_IRQHandler
    startup_nrf51.o(.text) refers to system_nrf51.o(.text) for SystemInit
    startup_nrf51.o(.text) refers to entry.o(.ARM.Collect$$$$00000000) for __main
    entry.o(.ARM.Collect$$$$00000000) refers (Special) to entry10a.o(.ARM.Collect$$$$0000000D) for __rt_final_cpp
    entry.o(.ARM.Collect$$$$00000000) refers (Special) to entry11a.o(.ARM.Collect$$$$0000000F) for __rt_final_exit
    entry.o(.ARM.Collect$$$$00000000) refers (Special) to entry7b.o(.ARM.Collect$$$$00000008) for _main_clock
    entry.o(.ARM.Collect$$$$00000000) refers (Special) to entry8b.o(.ARM.Collect$$$$0000000A) for _main_cpp_init
    entry.o(.ARM.Collect$$$$00000000) refers (Special) to entry9a.o(.ARM.Collect$$$$0000000B) for _main_init
    entry.o(.ARM.Collect$$$$00000000) refers (Special) to entry5.o(.ARM.Collect$$$$00000004) for _main_scatterload
    entry.o(.ARM.Collect$$$$00000000) refers (Special) to entry2.o(.ARM.Collect$$$$00000001) for _main_stk
    idiv.o(.text) refers to uidiv.o(.text) for __aeabi_uidivmod
    printfa.o(i.__0fprintf) refers (Special) to iusefp.o(.text) for __I$use$fp
    printfa.o(i.__0fprintf) refers to printfa.o(i._printf_core) for _printf_core
    printfa.o(i.__0fprintf) refers to fputc.o(i.fputc) for fputc
    printfa.o(i.__0printf) refers (Special) to iusefp.o(.text) for __I$use$fp
    printfa.o(i.__0printf) refers to printfa.o(i._printf_core) for _printf_core
    printfa.o(i.__0printf) refers to fputc.o(i.fputc) for fputc
    printfa.o(i.__0printf) refers to stdout.o(.data) for __stdout
    printfa.o(i.__0snprintf) refers (Special) to iusefp.o(.text) for __I$use$fp
    printfa.o(i.__0snprintf) refers to printfa.o(i._printf_core) for _printf_core
    printfa.o(i.__0snprintf) refers to printfa.o(i._snputc) for _snputc
    printfa.o(i.__0sprintf) refers (Special) to iusefp.o(.text) for __I$use$fp
    printfa.o(i.__0sprintf) refers to printfa.o(i._printf_core) for _printf_core
    printfa.o(i.__0sprintf) refers to printfa.o(i._sputc) for _sputc
    printfa.o(i.__0vfprintf) refers (Special) to iusefp.o(.text) for __I$use$fp
    printfa.o(i.__0vfprintf) refers to printfa.o(i._printf_core) for _printf_core
    printfa.o(i.__0vfprintf) refers to fputc.o(i.fputc) for fputc
    printfa.o(i.__0vprintf) refers (Special) to iusefp.o(.text) for __I$use$fp
    printfa.o(i.__0vprintf) refers to printfa.o(i._printf_core) for _printf_core
    printfa.o(i.__0vprintf) refers to fputc.o(i.fputc) for fputc
    printfa.o(i.__0vprintf) refers to stdout.o(.data) for __stdout
    printfa.o(i.__0vsnprintf) refers (Special) to iusefp.o(.text) for __I$use$fp
    printfa.o(i.__0vsnprintf) refers to printfa.o(i._printf_core) for _printf_core
    printfa.o(i.__0vsnprintf) refers to printfa.o(i._snputc) for _snputc
    printfa.o(i.__0vsprintf) refers (Special) to iusefp.o(.text) for __I$use$fp
    printfa.o(i.__0vsprintf) refers to printfa.o(i._printf_core) for _printf_core
    printfa.o(i.__0vsprintf) refers to printfa.o(i._sputc) for _sputc
    printfa.o(i._fp_digits) refers (Special) to iusefp.o(.text) for __I$use$fp
    printfa.o(i._fp_digits) refers to dmul.o(.text) for __aeabi_dmul
    printfa.o(i._fp_digits) refers to ddiv.o(.text) for __aeabi_ddiv
    printfa.o(i._fp_digits) refers to cdrcmple.o(.text) for __aeabi_cdrcmple
    printfa.o(i._fp_digits) refers to dadd.o(.text) for __aeabi_dadd
    printfa.o(i._fp_digits) refers to dfixul.o(.text) for __aeabi_d2ulz
    printfa.o(i._fp_digits) refers to uldiv.o(.text) for __aeabi_uldivmod
    printfa.o(i._printf_core) refers (Special) to iusefp.o(.text) for __I$use$fp
    printfa.o(i._printf_core) refers to printfa.o(i._printf_pre_padding) for _printf_pre_padding
    printfa.o(i._printf_core) refers to uldiv.o(.text) for __aeabi_uldivmod
    printfa.o(i._printf_core) refers to printfa.o(i._printf_post_padding) for _printf_post_padding
    printfa.o(i._printf_core) refers to printfa.o(i._fp_digits) for _fp_digits
    printfa.o(i._printf_core) refers to uidiv.o(.text) for __aeabi_uidivmod
    printfa.o(i._printf_post_padding) refers (Special) to iusefp.o(.text) for __I$use$fp
    printfa.o(i._printf_pre_padding) refers (Special) to iusefp.o(.text) for __I$use$fp
    printfa.o(i._snputc) refers (Special) to iusefp.o(.text) for __I$use$fp
    printfa.o(i._sputc) refers (Special) to iusefp.o(.text) for __I$use$fp
    entry2.o(.ARM.Collect$$$$00000001) refers to entry2.o(.ARM.Collect$$$$00002712) for __lit__00000000
    entry2.o(.ARM.Collect$$$$00002712) refers to startup_nrf51.o(STACK) for __initial_sp
    entry2.o(__vectab_stack_and_reset_area) refers to startup_nrf51.o(STACK) for __initial_sp
    entry2.o(__vectab_stack_and_reset_area) refers to entry.o(.ARM.Collect$$$$00000000) for __main
    entry5.o(.ARM.Collect$$$$00000004) refers to init.o(.text) for __scatterload
    entry9a.o(.ARM.Collect$$$$0000000B) refers to main.o(.text) for main
    entry9b.o(.ARM.Collect$$$$0000000C) refers to main.o(.text) for main
    fputc.o(i.fputc) refers (Special) to iusesemip.o(.text) for __I$use$semihosting$fputc
    fputc.o(i.fputc) refers (Special) to semi.o(.text) for __semihosting_library_function
    uldiv.o(.text) refers to llushr.o(.text) for __aeabi_llsr
    uldiv.o(.text) refers to llshl.o(.text) for __aeabi_llsl
    dadd.o(.text) refers to llshl.o(.text) for __aeabi_llsl
    dadd.o(.text) refers to llsshr.o(.text) for __aeabi_lasr
    dadd.o(.text) refers to depilogue.o(.text) for _double_epilogue
    dmul.o(.text) refers to depilogue.o(.text) for _double_epilogue
    ddiv.o(.text) refers to depilogue.o(.text) for _double_round
    dfixul.o(.text) refers to llushr.o(.text) for __aeabi_llsr
    dfixul.o(.text) refers to llshl.o(.text) for __aeabi_llsl
    init.o(.text) refers to entry5.o(.ARM.Collect$$$$00000004) for __main_after_scatterload
    depilogue.o(.text) refers to depilogue.o(i.__ARM_clz) for __ARM_clz
    depilogue.o(.text) refers to llshl.o(.text) for __aeabi_llsl
    depilogue.o(.text) refers to llushr.o(.text) for __aeabi_llsr


==============================================================================

Removing Unused input sections from the image.

    Removing main.o(.rev16_text), (4 bytes).
    Removing main.o(.revsh_text), (4 bytes).
    Removing uart.o(.rev16_text), (4 bytes).
    Removing uart.o(.revsh_text), (4 bytes).
    Removing rtc1.o(.rev16_text), (4 bytes).
    Removing rtc1.o(.revsh_text), (4 bytes).
    Removing system_nrf51.o(.rev16_text), (4 bytes).
    Removing system_nrf51.o(.revsh_text), (4 bytes).
    Removing startup_nrf51.o(HEAP), (2048 bytes).

9 unused section(s) (total 2080 bytes) removed from the image.

==============================================================================

Image Symbol Table

    Local Symbols

    Symbol Name                              Value     Ov Type        Size  Object(Section)

    ../clib/microlib/division.c              0x00000000   Number         0  idiv.o ABSOLUTE
    ../clib/microlib/division.c              0x00000000   Number         0  uldiv.o ABSOLUTE
    ../clib/microlib/division.c              0x00000000   Number         0  uidiv.o ABSOLUTE
    ../clib/microlib/init/entry.s            0x00000000   Number         0  entry10b.o ABSOLUTE
    ../clib/microlib/init/entry.s            0x00000000   Number         0  entry.o ABSOLUTE
    ../clib/microlib/init/entry.s            0x00000000   Number         0  entry10a.o ABSOLUTE
    ../clib/microlib/init/entry.s            0x00000000   Number         0  entry11b.o ABSOLUTE
    ../clib/microlib/init/entry.s            0x00000000   Number         0  entry11a.o ABSOLUTE
    ../clib/microlib/init/entry.s            0x00000000   Number         0  entry2.o ABSOLUTE
    ../clib/microlib/init/entry.s            0x00000000   Number         0  entry5.o ABSOLUTE
    ../clib/microlib/init/entry.s            0x00000000   Number         0  entry7a.o ABSOLUTE
    ../clib/microlib/init/entry.s            0x00000000   Number         0  entry7b.o ABSOLUTE
    ../clib/microlib/init/entry.s            0x00000000   Number         0  entry8a.o ABSOLUTE
    ../clib/microlib/init/entry.s            0x00000000   Number         0  entry8b.o ABSOLUTE
    ../clib/microlib/init/entry.s            0x00000000   Number         0  entry9a.o ABSOLUTE
    ../clib/microlib/init/entry.s            0x00000000   Number         0  entry9b.o ABSOLUTE
    ../clib/microlib/longlong.c              0x00000000   Number         0  llsshr.o ABSOLUTE
    ../clib/microlib/longlong.c              0x00000000   Number         0  llushr.o ABSOLUTE
    ../clib/microlib/longlong.c              0x00000000   Number         0  llshl.o ABSOLUTE
    ../clib/microlib/printf/printf.c         0x00000000   Number         0  printfa.o ABSOLUTE
    ../clib/microlib/stdio/fputc.c           0x00000000   Number         0  fputc.o ABSOLUTE
    ../clib/microlib/stdio/semi.s            0x00000000   Number         0  semi.o ABSOLUTE
    ../clib/microlib/stdio/streams.c         0x00000000   Number         0  stdout.o ABSOLUTE
    ../clib/microlib/string/memcpy.c         0x00000000   Number         0  memcpyb.o ABSOLUTE
    ../clib/microlib/string/memcpy.c         0x00000000   Number         0  memcpya.o ABSOLUTE
    ../clib/microlib/string/memset.c         0x00000000   Number         0  memseta.o ABSOLUTE
    ../clib/microlib/string/strncpy.c        0x00000000   Number         0  strncpy.o ABSOLUTE
    ../clib/microlib/stubs.s                 0x00000000   Number         0  iusesemip.o ABSOLUTE
    ../clib/microlib/stubs.s                 0x00000000   Number         0  iusefp.o ABSOLUTE
    ../fplib/microlib/fpadd.c                0x00000000   Number         0  dadd.o ABSOLUTE
    ../fplib/microlib/fpdiv.c                0x00000000   Number         0  ddiv.o ABSOLUTE
    ../fplib/microlib/fpepilogue.c           0x00000000   Number         0  depilogue.o ABSOLUTE
    ../fplib/microlib/fpfix.c                0x00000000   Number         0  dfixul.o ABSOLUTE
    ../fplib/microlib/fpmul.c                0x00000000   Number         0  dmul.o ABSOLUTE
    cdrcmple.s                               0x00000000   Number         0  cdrcmple.o ABSOLUTE
    dc.s                                     0x00000000   Number         0  dc.o ABSOLUTE
    handlers.s                               0x00000000   Number         0  handlers.o ABSOLUTE
    init.s                                   0x00000000   Number         0  init.o ABSOLUTE
    src\\main.c                              0x00000000   Number         0  main.o ABSOLUTE
    src\\rtc1.c                              0x00000000   Number         0  rtc1.o ABSOLUTE
    src\\system_nrf51.c                      0x00000000   Number         0  system_nrf51.o ABSOLUTE
    src\\uart.c                              0x00000000   Number         0  uart.o ABSOLUTE
    src\main.c                               0x00000000   Number         0  main.o ABSOLUTE
    src\rtc1.c                               0x00000000   Number         0  rtc1.o ABSOLUTE
    src\startup_nrf51.s                      0x00000000   Number         0  startup_nrf51.o ABSOLUTE
    src\system_nrf51.c                       0x00000000   Number         0  system_nrf51.o ABSOLUTE
    src\uart.c                               0x00000000   Number         0  uart.o ABSOLUTE
    RESET                                    0x0001c000   Section      192  startup_nrf51.o(RESET)
    .ARM.Collect$$$$00000000                 0x0001c0c0   Section        0  entry.o(.ARM.Collect$$$$00000000)
    .ARM.Collect$$$$00000001                 0x0001c0c0   Section        4  entry2.o(.ARM.Collect$$$$00000001)
    .ARM.Collect$$$$00000004                 0x0001c0c4   Section        4  entry5.o(.ARM.Collect$$$$00000004)
    .ARM.Collect$$$$00000008                 0x0001c0c8   Section        0  entry7b.o(.ARM.Collect$$$$00000008)
    .ARM.Collect$$$$0000000A                 0x0001c0c8   Section        0  entry8b.o(.ARM.Collect$$$$0000000A)
    .ARM.Collect$$$$0000000B                 0x0001c0c8   Section        8  entry9a.o(.ARM.Collect$$$$0000000B)
    .ARM.Collect$$$$0000000D                 0x0001c0d0   Section        0  entry10a.o(.ARM.Collect$$$$0000000D)
    .ARM.Collect$$$$0000000F                 0x0001c0d0   Section        0  entry11a.o(.ARM.Collect$$$$0000000F)
    .ARM.Collect$$$$00002712                 0x0001c0d0   Section        4  entry2.o(.ARM.Collect$$$$00002712)
    __lit__00000000                          0x0001c0d0   Data           4  entry2.o(.ARM.Collect$$$$00002712)
    .text                                    0x0001c0d4   Section        0  main.o(.text)
    rtc1_init                                0x0001c0d5   Thumb Code   146  main.o(.text)
    buffer_reset                             0x0001c167   Thumb Code    56  main.o(.text)
    average_buffer_value                     0x0001c19f   Thumb Code    88  main.o(.text)
    buffer_add_value                         0x0001c1f7   Thumb Code   128  main.o(.text)
    central_info_reset                       0x0001c277   Thumb Code    28  main.o(.text)
    peripheral_info_reset                    0x0001c293   Thumb Code    52  main.o(.text)
    uart_logf                                0x0001c2c7   Thumb Code    50  main.o(.text)
    peripherals_info_reset                   0x0001c2f9   Thumb Code    42  main.o(.text)
    peripheral_id_get                        0x0001c323   Thumb Code    36  main.o(.text)
    is_central                               0x0001c347   Thumb Code    18  main.o(.text)
    disconnect_event_handle                  0x0001c359   Thumb Code   250  main.o(.text)
    write_event_handle                       0x0001c453   Thumb Code   576  main.o(.text)
    advertise                                0x0001c693   Thumb Code   136  main.o(.text)
    own_service_setup                        0x0001c9b5   Thumb Code  1532  main.o(.text)
    connect                                  0x0001cfb1   Thumb Code   232  main.o(.text)
    discovery                                0x0001d099   Thumb Code  1268  main.o(.text)
    notifications_enable                     0x0001d58d   Thumb Code   106  main.o(.text)
    do_work                                  0x0001d5f7   Thumb Code  1192  main.o(.text)
    board_configure                          0x0001dad9   Thumb Code    56  main.o(.text)
    NVIC_SetPriority                         0x0001db83   Thumb Code   842  main.o(.text)
    nrf_gpio_pin_read                        0x0001decd   Thumb Code    14  main.o(.text)
    .text                                    0x0001dee8   Section        0  uart.o(.text)
    .text                                    0x0001df98   Section        0  rtc1.o(.text)
    rtc1_init                                0x0001df99   Thumb Code   146  rtc1.o(.text)
    NVIC_SetPriority                         0x0001e091   Thumb Code   114  rtc1.o(.text)
    .text                                    0x0001e130   Section        0  system_nrf51.o(.text)
    is_disabled_in_debug_needed              0x0001e139   Thumb Code    48  system_nrf51.o(.text)
    is_manual_peripheral_setup_needed        0x0001e169   Thumb Code    94  system_nrf51.o(.text)
    .text                                    0x0001e208   Section       44  startup_nrf51.o(.text)
    .text                                    0x0001e234   Section        0  uidiv.o(.text)
    .text                                    0x0001e260   Section        0  idiv.o(.text)
    .text                                    0x0001e288   Section        0  memcpya.o(.text)
    .text                                    0x0001e2ac   Section        0  memseta.o(.text)
    .text                                    0x0001e2d0   Section        0  strncpy.o(.text)
    .text                                    0x0001e2ea   Section        0  uldiv.o(.text)
    .text                                    0x0001e34a   Section        0  iusefp.o(.text)
    .text                                    0x0001e34c   Section        0  dadd.o(.text)
    .text                                    0x0001e4b0   Section        0  dmul.o(.text)
    .text                                    0x0001e580   Section        0  ddiv.o(.text)
    .text                                    0x0001e670   Section        0  dfixul.o(.text)
    .text                                    0x0001e6b0   Section       40  cdrcmple.o(.text)
    .text                                    0x0001e6d8   Section       36  init.o(.text)
    .text                                    0x0001e6fc   Section        0  llshl.o(.text)
    .text                                    0x0001e71c   Section        0  llushr.o(.text)
    .text                                    0x0001e73e   Section        0  llsshr.o(.text)
    .text                                    0x0001e764   Section        0  depilogue.o(.text)
    i.__0vsnprintf                           0x0001e824   Section        0  printfa.o(i.__0vsnprintf)
    i.__ARM_clz                              0x0001e848   Section        0  depilogue.o(i.__ARM_clz)
    i.__scatterload_copy                     0x0001e876   Section       14  handlers.o(i.__scatterload_copy)
    i.__scatterload_null                     0x0001e884   Section        2  handlers.o(i.__scatterload_null)
    i.__scatterload_zeroinit                 0x0001e886   Section       14  handlers.o(i.__scatterload_zeroinit)
    i._fp_digits                             0x0001e894   Section        0  printfa.o(i._fp_digits)
    _fp_digits                               0x0001e895   Thumb Code   314  printfa.o(i._fp_digits)
    i._printf_core                           0x0001e9ec   Section        0  printfa.o(i._printf_core)
    _printf_core                             0x0001e9ed   Thumb Code  1766  printfa.o(i._printf_core)
    i._printf_post_padding                   0x0001f0e4   Section        0  printfa.o(i._printf_post_padding)
    _printf_post_padding                     0x0001f0e5   Thumb Code    32  printfa.o(i._printf_post_padding)
    i._printf_pre_padding                    0x0001f104   Section        0  printfa.o(i._printf_pre_padding)
    _printf_pre_padding                      0x0001f105   Thumb Code    44  printfa.o(i._printf_pre_padding)
    i._snputc                                0x0001f130   Section        0  printfa.o(i._snputc)
    _snputc                                  0x0001f131   Thumb Code    22  printfa.o(i._snputc)
    .constdata                               0x0001f148   Section     3567  main.o(.constdata)
    gs_hb_peripheral_address                 0x0001f148   Data          21  main.o(.constdata)
    __FUNCTION__                             0x0001f170   Data           5  main.o(.constdata)
    __FUNCTION__                             0x0001f175   Data          27  main.o(.constdata)
    __FUNCTION__                             0x0001f190   Data          20  main.o(.constdata)
    __FUNCTION__                             0x0001f1a4   Data          16  main.o(.constdata)
    .constdata                               0x0001ff38   Section       56  uart.o(.constdata)
    m_baudrates                              0x0001ff38   Data          56  uart.o(.constdata)
    .data                                    0x20002800   Section       36  main.o(.data)
    gs_tx_buffer                             0x20002800   Data           1  main.o(.data)
    gs_advertising_is_running                0x20002801   Data           1  main.o(.data)
    gsp_ble_evt                              0x20002804   Data           4  main.o(.data)
    timeout_RTC1                             0x20002808   Data           1  main.o(.data)
    timer_count                              0x2000280c   Data           4  main.o(.data)
    gs_sd_assert_line_num                    0x20002810   Data           4  main.o(.data)
    gs_app_assert_line_num                   0x20002814   Data           4  main.o(.data)
    gs_central                               0x20002818   Data           4  main.o(.data)
    gs_own_char_handle                       0x2000281c   Data           8  main.o(.data)
    .data                                    0x20002824   Section        8  rtc1.o(.data)
    timeout_RTC1                             0x20002824   Data           1  rtc1.o(.data)
    timer_count                              0x20002828   Data           4  rtc1.o(.data)
    .data                                    0x2000282c   Section        4  system_nrf51.o(.data)
    __tagsym$$used                           0x2000282c   Number         0  system_nrf51.o(.data)
    .bss                                     0x20002830   Section      487  main.o(.bss)
    logf_buf                                 0x20002830   Data         150  main.o(.bss)
    gs_sd_assert_file_name                   0x200028c6   Data         100  main.o(.bss)
    gs_app_assert_file_name                  0x2000292a   Data         100  main.o(.bss)
    gs_peripheral                            0x2000298e   Data          66  main.o(.bss)
    gs_evt_buf                               0x200029d0   Data          71  main.o(.bss)
    STACK                                    0x20002a18   Section     2048  startup_nrf51.o(STACK)

    Global Symbols

    Symbol Name                              Value     Ov Type        Size  Object(Section)

    BuildAttributes$$THM_ISAv3M$S$PE$A:L22$X:L11$S22$IEEE1$IW$USESV6$~STKCKD$USESV7$~SHL$OSPACE$ROPI$EBA8$MICROLIB$REQ8$PRES8$EABIv2 0x00000000   Number         0  anon$$obj.o ABSOLUTE
    __ARM_use_no_argv                        0x00000000   Number         0  main.o ABSOLUTE
    __cpp_initialize__aeabi_                  - Undefined Weak Reference
    __cxa_finalize                            - Undefined Weak Reference
    __decompress                              - Undefined Weak Reference
    _clock_init                               - Undefined Weak Reference
    _microlib_exit                            - Undefined Weak Reference
    __Vectors_Size                           0x000000c0   Number         0  startup_nrf51.o ABSOLUTE
    __Vectors                                0x0001c000   Data           4  startup_nrf51.o(RESET)
    __Vectors_End                            0x0001c0c0   Data           0  startup_nrf51.o(RESET)
    __main                                   0x0001c0c1   Thumb Code     0  entry.o(.ARM.Collect$$$$00000000)
    _main_stk                                0x0001c0c1   Thumb Code     0  entry2.o(.ARM.Collect$$$$00000001)
    _main_scatterload                        0x0001c0c5   Thumb Code     0  entry5.o(.ARM.Collect$$$$00000004)
    __main_after_scatterload                 0x0001c0c9   Thumb Code     0  entry5.o(.ARM.Collect$$$$00000004)
    _main_clock                              0x0001c0c9   Thumb Code     0  entry7b.o(.ARM.Collect$$$$00000008)
    _main_cpp_init                           0x0001c0c9   Thumb Code     0  entry8b.o(.ARM.Collect$$$$0000000A)
    _main_init                               0x0001c0c9   Thumb Code     0  entry9a.o(.ARM.Collect$$$$0000000B)
    __rt_final_cpp                           0x0001c0d1   Thumb Code     0  entry10a.o(.ARM.Collect$$$$0000000D)
    __rt_final_exit                          0x0001c0d1   Thumb Code     0  entry11a.o(.ARM.Collect$$$$0000000F)
    event_handle                             0x0001c71b   Thumb Code   610  main.o(.text)
    app_assert_callback                      0x0001c97d   Thumb Code    56  main.o(.text)
    softdevice_assert_callback               0x0001da9f   Thumb Code    58  main.o(.text)
    main                                     0x0001db11   Thumb Code   112  main.o(.text)
    SWI2_IRQHandler                          0x0001db81   Thumb Code     2  main.o(.text)
    uart_init                                0x0001dee9   Thumb Code    54  uart.o(.text)
    hal_uart_chars_available                 0x0001df1f   Thumb Code    14  uart.o(.text)
    uart_putchar                             0x0001df2d   Thumb Code    28  uart.o(.text)
    sendchar                                 0x0001df49   Thumb Code    12  uart.o(.text)
    uart_getchar                             0x0001df55   Thumb Code    24  uart.o(.text)
    uart_write_buf                           0x0001df6d   Thumb Code    26  uart.o(.text)
    RTC1_IRQHandler                          0x0001e02b   Thumb Code    40  rtc1.o(.text)
    rtc1_timeout_set_ms                      0x0001e053   Thumb Code    56  rtc1.o(.text)
    rtc1_timeout                             0x0001e08b   Thumb Code     6  rtc1.o(.text)
    SystemCoreClockUpdate                    0x0001e131   Thumb Code     8  system_nrf51.o(.text)
    SystemInit                               0x0001e1c7   Thumb Code    38  system_nrf51.o(.text)
    Reset_Handler                            0x0001e209   Thumb Code    18  startup_nrf51.o(.text)
    NMI_Handler                              0x0001e21b   Thumb Code     2  startup_nrf51.o(.text)
    HardFault_Handler                        0x0001e21d   Thumb Code     2  startup_nrf51.o(.text)
    SVC_Handler                              0x0001e21f   Thumb Code     2  startup_nrf51.o(.text)
    PendSV_Handler                           0x0001e221   Thumb Code     2  startup_nrf51.o(.text)
    SysTick_Handler                          0x0001e223   Thumb Code     2  startup_nrf51.o(.text)
    ADC_IRQHandler                           0x0001e225   Thumb Code     0  startup_nrf51.o(.text)
    CCM_AAR_IRQHandler                       0x0001e225   Thumb Code     0  startup_nrf51.o(.text)
    ECB_IRQHandler                           0x0001e225   Thumb Code     0  startup_nrf51.o(.text)
    GPIOTE_IRQHandler                        0x0001e225   Thumb Code     0  startup_nrf51.o(.text)
    LPCOMP_IRQHandler                        0x0001e225   Thumb Code     0  startup_nrf51.o(.text)
    POWER_CLOCK_IRQHandler                   0x0001e225   Thumb Code     0  startup_nrf51.o(.text)
    QDEC_IRQHandler                          0x0001e225   Thumb Code     0  startup_nrf51.o(.text)
    RADIO_IRQHandler                         0x0001e225   Thumb Code     0  startup_nrf51.o(.text)
    RNG_IRQHandler                           0x0001e225   Thumb Code     0  startup_nrf51.o(.text)
    RTC0_IRQHandler                          0x0001e225   Thumb Code     0  startup_nrf51.o(.text)
    SPI0_TWI0_IRQHandler                     0x0001e225   Thumb Code     0  startup_nrf51.o(.text)
    SPI1_TWI1_IRQHandler                     0x0001e225   Thumb Code     0  startup_nrf51.o(.text)
    SWI0_IRQHandler                          0x0001e225   Thumb Code     0  startup_nrf51.o(.text)
    SWI1_IRQHandler                          0x0001e225   Thumb Code     0  startup_nrf51.o(.text)
    SWI3_IRQHandler                          0x0001e225   Thumb Code     0  startup_nrf51.o(.text)
    SWI4_IRQHandler                          0x0001e225   Thumb Code     0  startup_nrf51.o(.text)
    SWI5_IRQHandler                          0x0001e225   Thumb Code     0  startup_nrf51.o(.text)
    TEMP_IRQHandler                          0x0001e225   Thumb Code     0  startup_nrf51.o(.text)
    TIMER0_IRQHandler                        0x0001e225   Thumb Code     0  startup_nrf51.o(.text)
    TIMER1_IRQHandler                        0x0001e225   Thumb Code     0  startup_nrf51.o(.text)
    TIMER2_IRQHandler                        0x0001e225   Thumb Code     0  startup_nrf51.o(.text)
    UART0_IRQHandler                         0x0001e225   Thumb Code     0  startup_nrf51.o(.text)
    WDT_IRQHandler                           0x0001e225   Thumb Code     0  startup_nrf51.o(.text)
    __aeabi_uidiv                            0x0001e235   Thumb Code     0  uidiv.o(.text)
    __aeabi_uidivmod                         0x0001e235   Thumb Code    44  uidiv.o(.text)
    __aeabi_idiv                             0x0001e261   Thumb Code     0  idiv.o(.text)
    __aeabi_idivmod                          0x0001e261   Thumb Code    40  idiv.o(.text)
    __aeabi_memcpy                           0x0001e289   Thumb Code    36  memcpya.o(.text)
    __aeabi_memcpy4                          0x0001e289   Thumb Code     0  memcpya.o(.text)
    __aeabi_memcpy8                          0x0001e289   Thumb Code     0  memcpya.o(.text)
    __aeabi_memset                           0x0001e2ad   Thumb Code    14  memseta.o(.text)
    __aeabi_memset4                          0x0001e2ad   Thumb Code     0  memseta.o(.text)
    __aeabi_memset8                          0x0001e2ad   Thumb Code     0  memseta.o(.text)
    __aeabi_memclr                           0x0001e2bb   Thumb Code     4  memseta.o(.text)
    __aeabi_memclr4                          0x0001e2bb   Thumb Code     0  memseta.o(.text)
    __aeabi_memclr8                          0x0001e2bb   Thumb Code     0  memseta.o(.text)
    _memset$wrapper                          0x0001e2bf   Thumb Code    18  memseta.o(.text)
    strncpy                                  0x0001e2d1   Thumb Code    26  strncpy.o(.text)
    __aeabi_uldivmod                         0x0001e2eb   Thumb Code    96  uldiv.o(.text)
    __I$use$fp                               0x0001e34b   Thumb Code     0  iusefp.o(.text)
    __aeabi_dadd                             0x0001e34d   Thumb Code   326  dadd.o(.text)
    __aeabi_dsub                             0x0001e493   Thumb Code    12  dadd.o(.text)
    __aeabi_drsub                            0x0001e49f   Thumb Code    12  dadd.o(.text)
    __aeabi_dmul                             0x0001e4b1   Thumb Code   202  dmul.o(.text)
    __aeabi_ddiv                             0x0001e581   Thumb Code   234  ddiv.o(.text)
    __aeabi_d2ulz                            0x0001e671   Thumb Code    54  dfixul.o(.text)
    __aeabi_cdrcmple                         0x0001e6b1   Thumb Code    38  cdrcmple.o(.text)
    __scatterload                            0x0001e6d9   Thumb Code    28  init.o(.text)
    __scatterload_rt2                        0x0001e6d9   Thumb Code     0  init.o(.text)
    __aeabi_llsl                             0x0001e6fd   Thumb Code    32  llshl.o(.text)
    _ll_shift_l                              0x0001e6fd   Thumb Code     0  llshl.o(.text)
    __aeabi_llsr                             0x0001e71d   Thumb Code    34  llushr.o(.text)
    _ll_ushift_r                             0x0001e71d   Thumb Code     0  llushr.o(.text)
    __aeabi_lasr                             0x0001e73f   Thumb Code    38  llsshr.o(.text)
    _ll_sshift_r                             0x0001e73f   Thumb Code     0  llsshr.o(.text)
    _double_round                            0x0001e765   Thumb Code    26  depilogue.o(.text)
    _double_epilogue                         0x0001e77f   Thumb Code   166  depilogue.o(.text)
    __0vsnprintf                             0x0001e825   Thumb Code    32  printfa.o(i.__0vsnprintf)
    __1vsnprintf                             0x0001e825   Thumb Code     0  printfa.o(i.__0vsnprintf)
    __2vsnprintf                             0x0001e825   Thumb Code     0  printfa.o(i.__0vsnprintf)
    __c89vsnprintf                           0x0001e825   Thumb Code     0  printfa.o(i.__0vsnprintf)
    vsnprintf                                0x0001e825   Thumb Code     0  printfa.o(i.__0vsnprintf)
    __ARM_clz                                0x0001e849   Thumb Code    46  depilogue.o(i.__ARM_clz)
    __scatterload_copy                       0x0001e877   Thumb Code    14  handlers.o(i.__scatterload_copy)
    __scatterload_null                       0x0001e885   Thumb Code     2  handlers.o(i.__scatterload_null)
    __scatterload_zeroinit                   0x0001e887   Thumb Code    14  handlers.o(i.__scatterload_zeroinit)
    Region$$Table$$Base                      0x0001ff70   Number         0  anon$$obj.o(Region$$Table)
    Region$$Table$$Limit                     0x0001ff90   Number         0  anon$$obj.o(Region$$Table)
    SystemCoreClock                          0x2000282c   Data           4  system_nrf51.o(.data)
    __initial_sp                             0x20003218   Data           0  startup_nrf51.o(STACK)



==============================================================================

Memory Map of the image

  Image Entry point : 0x0001c0c1

  Load Region LR_IROM1 (Base: 0x0001c000, Size: 0x00003fc0, Max: 0x00020000, ABSOLUTE)

    Execution Region ER_IROM1 (Base: 0x0001c000, Size: 0x00003f90, Max: 0x00020000, ABSOLUTE)

    Base Addr    Size         Type   Attr      Idx    E Section Name        Object

    0x0001c000   0x000000c0   Data   RO          222    RESET               startup_nrf51.o
    0x0001c0c0   0x00000000   Code   RO          227  * .ARM.Collect$$$$00000000  mc_p.l(entry.o)
    0x0001c0c0   0x00000004   Code   RO          270    .ARM.Collect$$$$00000001  mc_p.l(entry2.o)
    0x0001c0c4   0x00000004   Code   RO          273    .ARM.Collect$$$$00000004  mc_p.l(entry5.o)
    0x0001c0c8   0x00000000   Code   RO          275    .ARM.Collect$$$$00000008  mc_p.l(entry7b.o)
    0x0001c0c8   0x00000000   Code   RO          277    .ARM.Collect$$$$0000000A  mc_p.l(entry8b.o)
    0x0001c0c8   0x00000008   Code   RO          278    .ARM.Collect$$$$0000000B  mc_p.l(entry9a.o)
    0x0001c0d0   0x00000000   Code   RO          280    .ARM.Collect$$$$0000000D  mc_p.l(entry10a.o)
    0x0001c0d0   0x00000000   Code   RO          282    .ARM.Collect$$$$0000000F  mc_p.l(entry11a.o)
    0x0001c0d0   0x00000004   Code   RO          271    .ARM.Collect$$$$00002712  mc_p.l(entry2.o)
    0x0001c0d4   0x00001e14   Code   RO            3    .text               main.o
    0x0001dee8   0x000000b0   Code   RO          128    .text               uart.o
    0x0001df98   0x00000198   Code   RO          159    .text               rtc1.o
    0x0001e130   0x000000d8   Code   RO          184    .text               system_nrf51.o
    0x0001e208   0x0000002c   Code   RO          223    .text               startup_nrf51.o
    0x0001e234   0x0000002c   Code   RO          230    .text               mc_p.l(uidiv.o)
    0x0001e260   0x00000028   Code   RO          232    .text               mc_p.l(idiv.o)
    0x0001e288   0x00000024   Code   RO          234    .text               mc_p.l(memcpya.o)
    0x0001e2ac   0x00000024   Code   RO          236    .text               mc_p.l(memseta.o)
    0x0001e2d0   0x0000001a   Code   RO          238    .text               mc_p.l(strncpy.o)
    0x0001e2ea   0x00000060   Code   RO          287    .text               mc_p.l(uldiv.o)
    0x0001e34a   0x00000000   Code   RO          289    .text               mc_p.l(iusefp.o)
    0x0001e34a   0x00000002   PAD
    0x0001e34c   0x00000164   Code   RO          290    .text               mf_p.l(dadd.o)
    0x0001e4b0   0x000000d0   Code   RO          292    .text               mf_p.l(dmul.o)
    0x0001e580   0x000000f0   Code   RO          294    .text               mf_p.l(ddiv.o)
    0x0001e670   0x00000040   Code   RO          296    .text               mf_p.l(dfixul.o)
    0x0001e6b0   0x00000028   Code   RO          298    .text               mf_p.l(cdrcmple.o)
    0x0001e6d8   0x00000024   Code   RO          300    .text               mc_p.l(init.o)
    0x0001e6fc   0x00000020   Code   RO          303    .text               mc_p.l(llshl.o)
    0x0001e71c   0x00000022   Code   RO          305    .text               mc_p.l(llushr.o)
    0x0001e73e   0x00000026   Code   RO          307    .text               mc_p.l(llsshr.o)
    0x0001e764   0x000000c0   Code   RO          310    .text               mf_p.l(depilogue.o)
    0x0001e824   0x00000024   Code   RO          248    i.__0vsnprintf      mc_p.l(printfa.o)
    0x0001e848   0x0000002e   Code   RO          312    i.__ARM_clz         mf_p.l(depilogue.o)
    0x0001e876   0x0000000e   Code   RO          316    i.__scatterload_copy  mc_p.l(handlers.o)
    0x0001e884   0x00000002   Code   RO          317    i.__scatterload_null  mc_p.l(handlers.o)
    0x0001e886   0x0000000e   Code   RO          318    i.__scatterload_zeroinit  mc_p.l(handlers.o)
    0x0001e894   0x00000158   Code   RO          250    i._fp_digits        mc_p.l(printfa.o)
    0x0001e9ec   0x000006f8   Code   RO          251    i._printf_core      mc_p.l(printfa.o)
    0x0001f0e4   0x00000020   Code   RO          252    i._printf_post_padding  mc_p.l(printfa.o)
    0x0001f104   0x0000002c   Code   RO          253    i._printf_pre_padding  mc_p.l(printfa.o)
    0x0001f130   0x00000016   Code   RO          254    i._snputc           mc_p.l(printfa.o)
    0x0001f146   0x00000002   PAD
    0x0001f148   0x00000def   Data   RO            5    .constdata          main.o
    0x0001ff37   0x00000001   PAD
    0x0001ff38   0x00000038   Data   RO          129    .constdata          uart.o
    0x0001ff70   0x00000020   Data   RO          314    Region$$Table       anon$$obj.o


    Execution Region RW_IRAM1 (Base: 0x20002800, Size: 0x00000a18, Max: 0x00001800, ABSOLUTE)

    Base Addr    Size         Type   Attr      Idx    E Section Name        Object

    0x20002800   0x00000024   Data   RW            6    .data               main.o
    0x20002824   0x00000008   Data   RW          160    .data               rtc1.o
    0x2000282c   0x00000004   Data   RW          185    .data               system_nrf51.o
    0x20002830   0x000001e7   Zero   RW            4    .bss                main.o
    0x20002a17   0x00000001   PAD
    0x20002a18   0x00000800   Zero   RW          220    STACK               startup_nrf51.o


==============================================================================

Image component sizes


      Code (inc. data)   RO Data    RW Data    ZI Data      Debug   Object Name

      7700       2640       3567         36        487      67127   main.o
       408         46          0          8          0       7143   rtc1.o
        44         14        192          0       2048        556   startup_nrf51.o
       216         28          0          4          0       1149   system_nrf51.o
       176         18         56          0          0       1823   uart.o

    ----------------------------------------------------------------------
      8544       2746       3848         48       2536      77798   Object Totals
         0          0         32          0          0          0   (incl. Generated)
         0          0          1          0          1          0   (incl. Padding)

    ----------------------------------------------------------------------

      Code (inc. data)   RO Data    RW Data    ZI Data      Debug   Library Member Name

         0          0          0          0          0          0   entry.o
         0          0          0          0          0          0   entry10a.o
         0          0          0          0          0          0   entry11a.o
         8          4          0          0          0          0   entry2.o
         4          0          0          0          0          0   entry5.o
         0          0          0          0          0          0   entry7b.o
         0          0          0          0          0          0   entry8b.o
         8          4          0          0          0          0   entry9a.o
        30          0          0          0          0          0   handlers.o
        40          0          0          0          0         72   idiv.o
        36          8          0          0          0         68   init.o
         0          0          0          0          0          0   iusefp.o
        32          0          0          0          0         68   llshl.o
        38          0          0          0          0         68   llsshr.o
        34          0          0          0          0         68   llushr.o
        36          0          0          0          0         60   memcpya.o
        36          0          0          0          0        100   memseta.o
      2262         98          0          0          0        460   printfa.o
        26          0          0          0          0         68   strncpy.o
        44          0          0          0          0         72   uidiv.o
        96          0          0          0          0         84   uldiv.o
        40          2          0          0          0         68   cdrcmple.o
       356          6          0          0          0        140   dadd.o
       240          6          0          0          0         84   ddiv.o
       238          0          0          0          0        216   depilogue.o
        64         10          0          0          0         68   dfixul.o
       208          6          0          0          0         88   dmul.o

    ----------------------------------------------------------------------
      3880        144          0          0          0       1852   Library Totals
         4          0          0          0          0          0   (incl. Padding)

    ----------------------------------------------------------------------

      Code (inc. data)   RO Data    RW Data    ZI Data      Debug   Library Name

      2730        114          0          0          0       1188   mc_p.l
      1146         30          0          0          0        664   mf_p.l

    ----------------------------------------------------------------------
      3880        144          0          0          0       1852   Library Totals

    ----------------------------------------------------------------------

==============================================================================


      Code (inc. data)   RO Data    RW Data    ZI Data      Debug   

     12424       2890       3848         48       2536      78358   Grand Totals
     12424       2890       3848         48       2536      78358   ELF Image Totals
     12424       2890       3848         48          0          0   ROM Totals

==============================================================================

    Total RO  Size (Code + RO Data)                16272 (  15.89kB)
    Total RW  Size (RW Data + ZI Data)              2584 (   2.52kB)
    Total ROM Size (Code + RO Data + RW Data)      16320 (  15.94kB)

==============================================================================

